// Jest Snapshot v1, https://goo.gl/fbAQLP

exports[`Film card component total check Check should render film card component 1`] = `
<article
  className="small-movie-card catalog__movies-card"
>
  <div
    className="small-movie-card__image"
  >
    <video
      controls={true}
      height="175"
      muted={true}
      poster="https://m.media-amazon.com/images/M/MV5BNWIwODRlZTUtY2U3ZS00Yzg1LWJhNzYtMmZiYmEyNmU1NjMzXkEyXkFqcGdeQXVyMTQxNzMzNDI@._V1_.jpg"
      width="280"
    />
  </div>
  <h3
    className="small-movie-card__title"
  >
    <a
      className="small-movie-card__link"
      href="movie-page.html"
    >
      Форрест Гамп
    </a>
  </h3>
</article>
`;
